2025-12-27T10:57:31.000000000Z [inf]  Starting Container
2025-12-27T10:57:32.982127253Z [inf]  🔧 [app.js] File loading started...
2025-12-27T10:57:32.982135599Z [inf]  ✅ [app.js] express loaded
2025-12-27T10:57:32.982143271Z [inf]  ✅ [app.js] cors loaded
2025-12-27T10:57:32.985941372Z [inf]  ✅ [app.js] helmet loaded
2025-12-27T10:57:32.985952892Z [inf]  ✅ [app.js] express-rate-limit loaded
2025-12-27T10:57:32.985955324Z [err]      at Module._compile (node:internal/modules/cjs/loader:1546:14)
2025-12-27T10:57:32.985961018Z [err]      at Object..js (node:internal/modules/cjs/loader:1689:10)
2025-12-27T10:57:32.985962489Z [inf]  ✅ [app.js] express-session loaded
2025-12-27T10:57:32.985970208Z [err]      at Module.load (node:internal/modules/cjs/loader:1318:32)
2025-12-27T10:57:32.985971244Z [inf]  ✅ [app.js] connect-session-sequelize loaded
2025-12-27T10:57:32.985979185Z [err]      at Function._load (node:internal/modules/cjs/loader:1128:12)
2025-12-27T10:57:32.985979618Z [inf]  ✅ [app.js] dotenv configured
2025-12-27T10:57:32.985989979Z [inf]  🛠️ [app.js] About to load models...
2025-12-27T10:57:32.985999930Z [err]      at TracingChannel.traceSync (node:diagnostics_channel:315:14)
2025-12-27T10:57:32.986286822Z [inf]  ✅ Sequelize initialized for production environment
2025-12-27T10:57:32.986296571Z [inf]  📍 Database: railway at mysql.railway.internal:3306
2025-12-27T10:57:32.986303852Z [inf]  ✅ [app.js] models loaded
2025-12-27T10:57:32.986311650Z [inf]  🛠️ [app.js] About to load middleware...
2025-12-27T10:57:32.986318420Z [inf]  ✅ [app.js] logger loaded
2025-12-27T10:57:32.986326004Z [inf]  ✅ [app.js] errorHandler loaded
2025-12-27T10:57:32.986332937Z [inf]  ✅ [app.js] requestValidator loaded
2025-12-27T10:57:32.986342569Z [inf]  🛠️ [app.js] About to load routes...
2025-12-27T10:57:32.986349306Z [inf]  🔧 [movieRoutes.js] File loading started...
2025-12-27T10:57:32.986356465Z [inf]  ✅ [movieRoutes.js] express loaded
2025-12-27T10:57:32.986365334Z [inf]  ✅ [movieRoutes.js] movieController loaded
2025-12-27T10:57:32.986373383Z [inf]  ✅ [movieRoutes.js] requestValidator loaded
2025-12-27T10:57:32.986380463Z [inf]  ✅ [movieRoutes.js] errorHandler loaded
2025-12-27T10:57:32.986388170Z [inf]  ✅ [movieRoutes.js] Router created
2025-12-27T10:57:32.986397224Z [inf]  🎉 [movieRoutes.js] ALL IMPORTS SUCCESSFUL!
2025-12-27T10:57:32.986404030Z [err]  ❌ [app.js] FAILED to load movieRoutes: Schema does not contain path page
2025-12-27T10:57:32.986784034Z [err]  Stack: Error: Schema does not contain path page
2025-12-27T10:57:32.986791133Z [err]      at new module.exports (/app/node_modules/@hapi/hoek/lib/error.js:23:19)
2025-12-27T10:57:32.986798808Z [err]      at module.exports (/app/node_modules/@hapi/hoek/lib/assert.js:21:11)
2025-12-27T10:57:32.986804181Z [err]      at exports.Ids.internals.Ids.reach (/app/node_modules/joi/lib/modify.js:85:9)
2025-12-27T10:57:32.986809395Z [err]      at internals.Base.extract (/app/node_modules/joi/lib/base.js:457:26)
2025-12-27T10:57:32.986814059Z [err]      at Object.<anonymous> (/app/src/routes/movieRoutes.js:58:39)
2025-12-27T10:57:32.986818582Z [err]      at Module._compile (node:internal/modules/cjs/loader:1546:14)
2025-12-27T10:57:32.986825277Z [err]      at Object..js (node:internal/modules/cjs/loader:1689:10)
2025-12-27T10:57:32.986830777Z [err]      at Module.load (node:internal/modules/cjs/loader:1318:32)
2025-12-27T10:57:32.986835130Z [err]      at Function._load (node:internal/modules/cjs/loader:1128:12)
2025-12-27T10:57:32.986840563Z [err]      at TracingChannel.traceSync (node:diagnostics_channel:315:14)
2025-12-27T10:57:32.986845086Z [err]  ❌ UNCAUGHT EXCEPTION:
2025-12-27T10:57:32.986850289Z [err]  Name: Error
2025-12-27T10:57:32.986855098Z [err]  Message: Schema does not contain path page
2025-12-27T10:57:32.986861064Z [err]  Stack: Error: Schema does not contain path page
2025-12-27T10:57:32.986867391Z [err]      at new module.exports (/app/node_modules/@hapi/hoek/lib/error.js:23:19)
2025-12-27T10:57:32.986873676Z [err]      at module.exports (/app/node_modules/@hapi/hoek/lib/assert.js:21:11)
2025-12-27T10:57:32.986879346Z [err]      at exports.Ids.internals.Ids.reach (/app/node_modules/joi/lib/modify.js:85:9)
2025-12-27T10:57:32.986886095Z [err]      at internals.Base.extract (/app/node_modules/joi/lib/base.js:457:26)
2025-12-27T10:57:32.986890914Z [err]      at Object.<anonymous> (/app/src/routes/movieRoutes.js:58:39)
2025-12-27T10:57:33.139671040Z [inf]  🔧 [app.js] File loading started...
2025-12-27T10:57:33.235985316Z [inf]  ✅ [app.js] express loaded
2025-12-27T10:57:33.238057694Z [inf]  ✅ [app.js] cors loaded
2025-12-27T10:57:33.240961676Z [inf]  ✅ [app.js] helmet loaded
2025-12-27T10:57:33.240970603Z [inf]  ✅ [app.js] express-rate-limit loaded
2025-12-27T10:57:33.248971670Z [inf]  ✅ [app.js] express-session loaded
2025-12-27T10:57:33.399132497Z [inf]  ✅ [app.js] connect-session-sequelize loaded
2025-12-27T10:57:33.401120647Z [inf]  ✅ [app.js] dotenv configured
2025-12-27T10:57:33.401148164Z [inf]  🛠️ [app.js] About to load models...
2025-12-27T10:57:33.919008693Z [err]      at internals.Base.extract (/app/node_modules/joi/lib/base.js:457:26)
2025-12-27T10:57:33.919017822Z [err]      at Object.<anonymous> (/app/src/routes/movieRoutes.js:58:39)
2025-12-27T10:57:33.919040699Z [inf]  🛠️ [app.js] About to load middleware...
2025-12-27T10:57:33.919048022Z [inf]  ✅ [app.js] logger loaded
2025-12-27T10:57:33.919056885Z [inf]  🛠️ [app.js] About to load routes...
2025-12-27T10:57:33.919060861Z [inf]  ✅ [app.js] errorHandler loaded
2025-12-27T10:57:33.919063526Z [inf]  🔧 [movieRoutes.js] File loading started...
2025-12-27T10:57:33.919063890Z [err]  Stack: Error: Schema does not contain path page
2025-12-27T10:57:33.919068678Z [inf]  ✅ [app.js] requestValidator loaded
2025-12-27T10:57:33.919071828Z [inf]  ✅ [movieRoutes.js] express loaded
2025-12-27T10:57:33.919072487Z [err]      at new module.exports (/app/node_modules/@hapi/hoek/lib/error.js:23:19)
2025-12-27T10:57:33.919088306Z [inf]  ✅ [movieRoutes.js] movieController loaded
2025-12-27T10:57:33.919089480Z [err]      at module.exports (/app/node_modules/@hapi/hoek/lib/assert.js:21:11)
2025-12-27T10:57:33.919096351Z [err]      at exports.Ids.internals.Ids.reach (/app/node_modules/joi/lib/modify.js:85:9)
2025-12-27T10:57:33.919097485Z [inf]  ✅ [movieRoutes.js] requestValidator loaded
2025-12-27T10:57:33.919106666Z [inf]  ✅ [movieRoutes.js] errorHandler loaded
2025-12-27T10:57:33.919111960Z [inf]  ✅ [movieRoutes.js] Router created
2025-12-27T10:57:33.919117219Z [inf]  🎉 [movieRoutes.js] ALL IMPORTS SUCCESSFUL!
2025-12-27T10:57:33.919121527Z [err]  ❌ [app.js] FAILED to load movieRoutes: Schema does not contain path page
2025-12-27T10:57:33.919144745Z [inf]  ✅ Sequelize initialized for production environment
2025-12-27T10:57:33.919151319Z [inf]  📍 Database: railway at mysql.railway.internal:3306
2025-12-27T10:57:33.919158487Z [inf]  ✅ [app.js] models loaded
2025-12-27T10:57:33.922871625Z [err]      at Module._compile (node:internal/modules/cjs/loader:1546:14)
2025-12-27T10:57:33.922881261Z [err]      at Object..js (node:internal/modules/cjs/loader:1689:10)
2025-12-27T10:57:33.922888430Z [err]      at Module.load (node:internal/modules/cjs/loader:1318:32)
2025-12-27T10:57:33.922896318Z [err]      at Function._load (node:internal/modules/cjs/loader:1128:12)
2025-12-27T10:57:33.922903169Z [err]      at TracingChannel.traceSync (node:diagnostics_channel:315:14)
2025-12-27T10:57:33.922910063Z [err]  ❌ UNCAUGHT EXCEPTION:
2025-12-27T10:57:33.922917086Z [err]  Name: Error
2025-12-27T10:57:33.922924775Z [err]  Message: Schema does not contain path page
2025-12-27T10:57:33.922931158Z [err]  Stack: Error: Schema does not contain path page
2025-12-27T10:57:33.922938066Z [err]      at new module.exports (/app/node_modules/@hapi/hoek/lib/error.js:23:19)
2025-12-27T10:57:33.922951368Z [err]      at module.exports (/app/node_modules/@hapi/hoek/lib/assert.js:21:11)
2025-12-27T10:57:33.922957466Z [err]      at exports.Ids.internals.Ids.reach (/app/node_modules/joi/lib/modify.js:85:9)
2025-12-27T10:57:33.923043701Z [err]      at internals.Base.extract (/app/node_modules/joi/lib/base.js:457:26)
2025-12-27T10:57:33.923052208Z [err]      at Object.<anonymous> (/app/src/routes/movieRoutes.js:58:39)
2025-12-27T10:57:33.923058935Z [err]      at Module._compile (node:internal/modules/cjs/loader:1546:14)
2025-12-27T10:57:33.923066014Z [err]      at Object..js (node:internal/modules/cjs/loader:1689:10)
2025-12-27T10:57:33.923075755Z [err]      at Module.load (node:internal/modules/cjs/loader:1318:32)
2025-12-27T10:57:33.923082362Z [err]      at Function._load (node:internal/modules/cjs/loader:1128:12)
2025-12-27T10:57:33.923089802Z [err]      at TracingChannel.traceSync (node:diagnostics_channel:315:14)
2025-12-27T10:57:34.908508137Z [inf]  ✅ [app.js] express loaded
2025-12-27T10:57:34.908520657Z [inf]  ✅ [app.js] cors loaded
2025-12-27T10:57:34.908528225Z [inf]  ✅ [app.js] helmet loaded
2025-12-27T10:57:34.908535876Z [inf]  ✅ [app.js] express-rate-limit loaded
2025-12-27T10:57:34.908543535Z [inf]  ✅ [app.js] express-session loaded
2025-12-27T10:57:34.908551539Z [inf]  ✅ [app.js] connect-session-sequelize loaded
2025-12-27T10:57:34.908558179Z [inf]  ✅ [app.js] dotenv configured
2025-12-27T10:57:34.908568383Z [inf]  🛠️ [app.js] About to load models...
2025-12-27T10:57:34.908609489Z [inf]  🔧 [app.js] File loading started...
2025-12-27T10:57:34.928416393Z [inf]  ✅ Sequelize initialized for production environment
2025-12-27T10:57:34.928423599Z [inf]  📍 Database: railway at mysql.railway.internal:3306
2025-12-27T10:57:34.958725021Z [inf]  ✅ [app.js] models loaded
2025-12-27T10:57:34.958732757Z [inf]  🛠️ [app.js] About to load middleware...
2025-12-27T10:57:34.994882557Z [inf]  ✅ [app.js] logger loaded
2025-12-27T10:57:34.994890874Z [inf]  ✅ [app.js] errorHandler loaded
2025-12-27T10:57:35.086858401Z [inf]  ✅ [app.js] requestValidator loaded
2025-12-27T10:57:35.086867539Z [inf]  🛠️ [app.js] About to load routes...
2025-12-27T10:57:35.086877559Z [inf]  🔧 [movieRoutes.js] File loading started...
2025-12-27T10:57:35.086884795Z [inf]  ✅ [movieRoutes.js] express loaded
2025-12-27T10:57:35.091713455Z [inf]  ✅ [movieRoutes.js] movieController loaded
2025-12-27T10:57:35.091726792Z [inf]  ✅ [movieRoutes.js] requestValidator loaded
2025-12-27T10:57:35.091732967Z [inf]  ✅ [movieRoutes.js] errorHandler loaded
2025-12-27T10:57:35.091739472Z [inf]  ✅ [movieRoutes.js] Router created
2025-12-27T10:57:35.091747402Z [inf]  🎉 [movieRoutes.js] ALL IMPORTS SUCCESSFUL!
2025-12-27T10:57:35.091754126Z [err]  ❌ [app.js] FAILED to load movieRoutes: Schema does not contain path page
2025-12-27T10:57:35.091759620Z [err]  Stack: Error: Schema does not contain path page
2025-12-27T10:57:35.091765884Z [err]      at new module.exports (/app/node_modules/@hapi/hoek/lib/error.js:23:19)
2025-12-27T10:57:35.091771831Z [err]      at module.exports (/app/node_modules/@hapi/hoek/lib/assert.js:21:11)
2025-12-27T10:57:35.091777681Z [err]      at exports.Ids.internals.Ids.reach (/app/node_modules/joi/lib/modify.js:85:9)
2025-12-27T10:57:35.091787123Z [err]      at internals.Base.extract (/app/node_modules/joi/lib/base.js:457:26)
2025-12-27T10:57:35.091793028Z [err]      at Object.<anonymous> (/app/src/routes/movieRoutes.js:58:39)
2025-12-27T10:57:35.091804427Z [err]      at Module._compile (node:internal/modules/cjs/loader:1546:14)
2025-12-27T10:57:35.091809702Z [err]      at Object..js (node:internal/modules/cjs/loader:1689:10)
2025-12-27T10:57:35.091817273Z [err]      at Module.load (node:internal/modules/cjs/loader:1318:32)
2025-12-27T10:57:35.091823696Z [err]      at Function._load (node:internal/modules/cjs/loader:1128:12)
2025-12-27T10:57:35.091828931Z [err]      at TracingChannel.traceSync (node:diagnostics_channel:315:14)
2025-12-27T10:57:35.091839639Z [err]  ❌ UNCAUGHT EXCEPTION:
2025-12-27T10:57:35.091844858Z [err]  Name: Error
2025-12-27T10:57:35.091850549Z [err]  Message: Schema does not contain path page
2025-12-27T10:57:35.091855953Z [err]  Stack: Error: Schema does not contain path page
2025-12-27T10:57:35.094332998Z [err]      at new module.exports (/app/node_modules/@hapi/hoek/lib/error.js:23:19)
2025-12-27T10:57:35.094342520Z [err]      at module.exports (/app/node_modules/@hapi/hoek/lib/assert.js:21:11)
2025-12-27T10:57:35.094347725Z [err]      at exports.Ids.internals.Ids.reach (/app/node_modules/joi/lib/modify.js:85:9)
2025-12-27T10:57:35.094353526Z [err]      at internals.Base.extract (/app/node_modules/joi/lib/base.js:457:26)
2025-12-27T10:57:35.094361305Z [err]      at Object.<anonymous> (/app/src/routes/movieRoutes.js:58:39)
2025-12-27T10:57:35.094367803Z [err]      at Module._compile (node:internal/modules/cjs/loader:1546:14)
2025-12-27T10:57:35.094373712Z [err]      at Object..js (node:internal/modules/cjs/loader:1689:10)
2025-12-27T10:57:35.094379485Z [err]      at Module.load (node:internal/modules/cjs/loader:1318:32)
2025-12-27T10:57:35.094384954Z [err]      at Function._load (node:internal/modules/cjs/loader:1128:12)
2025-12-27T10:57:35.094391674Z [err]      at TracingChannel.traceSync (node:diagnostics_channel:315:14)
2025-12-27T10:57:35.997840273Z [inf]  🔧 [app.js] File loading started...
2025-12-27T10:57:36.095259091Z [inf]  ✅ [app.js] express loaded
2025-12-27T10:57:36.095269251Z [inf]  ✅ [app.js] cors loaded
2025-12-27T10:57:36.095276306Z [inf]  ✅ [app.js] helmet loaded
2025-12-27T10:57:36.095283786Z [inf]  ✅ [app.js] express-rate-limit loaded
2025-12-27T10:57:36.097646032Z [inf]  ✅ [app.js] express-session loaded
2025-12-27T10:57:36.247807339Z [inf]  ✅ [app.js] connect-session-sequelize loaded
2025-12-27T10:57:36.250931335Z [inf]  ✅ [app.js] dotenv configured
2025-12-27T10:57:36.250942429Z [inf]  🛠️ [app.js] About to load models...
2025-12-27T10:57:36.329697990Z [inf]  ✅ Sequelize initialized for production environment
2025-12-27T10:57:36.329702853Z [inf]  📍 Database: railway at mysql.railway.internal:3306
2025-12-27T10:57:36.360639387Z [inf]  ✅ [app.js] models loaded
2025-12-27T10:57:36.360646276Z [inf]  🛠️ [app.js] About to load middleware...
2025-12-27T10:57:36.390690646Z [inf]  ✅ [app.js] logger loaded
2025-12-27T10:57:36.390697029Z [inf]  ✅ [app.js] errorHandler loaded
2025-12-27T10:57:36.938023904Z [inf]  🔧 [movieRoutes.js] File loading started...
2025-12-27T10:57:36.938039632Z [err]      at new module.exports (/app/node_modules/@hapi/hoek/lib/error.js:23:19)
2025-12-27T10:57:36.938040753Z [inf]  ✅ [movieRoutes.js] express loaded
2025-12-27T10:57:36.938051107Z [inf]  ✅ [movieRoutes.js] movieController loaded
2025-12-27T10:57:36.938053928Z [inf]  ✅ [app.js] requestValidator loaded
2025-12-27T10:57:36.938054425Z [err]      at module.exports (/app/node_modules/@hapi/hoek/lib/assert.js:21:11)
2025-12-27T10:57:36.938061325Z [inf]  ✅ [movieRoutes.js] requestValidator loaded
2025-12-27T10:57:36.938066328Z [err]      at exports.Ids.internals.Ids.reach (/app/node_modules/joi/lib/modify.js:85:9)
2025-12-27T10:57:36.938066891Z [inf]  🛠️ [app.js] About to load routes...
2025-12-27T10:57:36.938072993Z [err]      at Module.load (node:internal/modules/cjs/loader:1318:32)
2025-12-27T10:57:36.938073199Z [inf]  ✅ [movieRoutes.js] errorHandler loaded
2025-12-27T10:57:36.938081321Z [err]      at internals.Base.extract (/app/node_modules/joi/lib/base.js:457:26)
2025-12-27T10:57:36.938084295Z [inf]  ✅ [movieRoutes.js] Router created
2025-12-27T10:57:36.938094142Z [inf]  🎉 [movieRoutes.js] ALL IMPORTS SUCCESSFUL!
2025-12-27T10:57:36.938094275Z [err]      at Object.<anonymous> (/app/src/routes/movieRoutes.js:58:39)
2025-12-27T10:57:36.938099327Z [err]      at Function._load (node:internal/modules/cjs/loader:1128:12)
2025-12-27T10:57:36.938110001Z [err]      at Module._compile (node:internal/modules/cjs/loader:1546:14)
2025-12-27T10:57:36.938121992Z [err]      at TracingChannel.traceSync (node:diagnostics_channel:315:14)
2025-12-27T10:57:36.938122258Z [err]      at Object..js (node:internal/modules/cjs/loader:1689:10)
2025-12-27T10:57:36.938128273Z [err]  ❌ [app.js] FAILED to load movieRoutes: Schema does not contain path page
2025-12-27T10:57:36.938140492Z [err]  Stack: Error: Schema does not contain path page
2025-12-27T10:57:36.943391480Z [err]  ❌ UNCAUGHT EXCEPTION:
2025-12-27T10:57:36.943399458Z [err]  Name: Error
2025-12-27T10:57:36.943405084Z [err]  Message: Schema does not contain path page
2025-12-27T10:57:36.943410148Z [err]  Stack: Error: Schema does not contain path page
2025-12-27T10:57:36.943416438Z [err]      at new module.exports (/app/node_modules/@hapi/hoek/lib/error.js:23:19)
2025-12-27T10:57:36.943421293Z [err]      at module.exports (/app/node_modules/@hapi/hoek/lib/assert.js:21:11)
2025-12-27T10:57:36.943425897Z [err]      at exports.Ids.internals.Ids.reach (/app/node_modules/joi/lib/modify.js:85:9)
2025-12-27T10:57:36.943430352Z [err]      at internals.Base.extract (/app/node_modules/joi/lib/base.js:457:26)
2025-12-27T10:57:36.943434832Z [err]      at Object.<anonymous> (/app/src/routes/movieRoutes.js:58:39)
2025-12-27T10:57:36.943439541Z [err]      at Module._compile (node:internal/modules/cjs/loader:1546:14)
2025-12-27T10:57:36.943444639Z [err]      at Object..js (node:internal/modules/cjs/loader:1689:10)
2025-12-27T10:57:36.943449527Z [err]      at Module.load (node:internal/modules/cjs/loader:1318:32)
2025-12-27T10:57:36.943454695Z [err]      at Function._load (node:internal/modules/cjs/loader:1128:12)
2025-12-27T10:57:36.943459880Z [err]      at TracingChannel.traceSync (node:diagnostics_channel:315:14)
2025-12-27T10:57:37.354076482Z [inf]  🔧 [app.js] File loading started...
2025-12-27T10:57:37.887162652Z [err]      at Function._load (node:internal/modules/cjs/loader:1128:12)
2025-12-27T10:57:37.887171258Z [err]      at TracingChannel.traceSync (node:diagnostics_channel:315:14)
2025-12-27T10:57:37.887179357Z [err]  ❌ UNCAUGHT EXCEPTION:
2025-12-27T10:57:37.887188370Z [err]  Name: Error
2025-12-27T10:57:37.887197836Z [err]  Message: Schema does not contain path page
2025-12-27T10:57:37.887208053Z [err]  Stack: Error: Schema does not contain path page
2025-12-27T10:57:37.887216214Z [err]      at new module.exports (/app/node_modules/@hapi/hoek/lib/error.js:23:19)
2025-12-27T10:57:37.887258614Z [err]      at module.exports (/app/node_modules/@hapi/hoek/lib/assert.js:21:11)
2025-12-27T10:57:37.887259078Z [err]      at new module.exports (/app/node_modules/@hapi/hoek/lib/error.js:23:19)
2025-12-27T10:57:37.887265816Z [err]      at exports.Ids.internals.Ids.reach (/app/node_modules/joi/lib/modify.js:85:9)
2025-12-27T10:57:37.887267013Z [err]      at module.exports (/app/node_modules/@hapi/hoek/lib/assert.js:21:11)
2025-12-27T10:57:37.887273677Z [err]      at internals.Base.extract (/app/node_modules/joi/lib/base.js:457:26)
2025-12-27T10:57:37.887277208Z [err]      at exports.Ids.internals.Ids.reach (/app/node_modules/joi/lib/modify.js:85:9)
2025-12-27T10:57:37.887280858Z [err]      at Object.<anonymous> (/app/src/routes/movieRoutes.js:58:39)
2025-12-27T10:57:37.887286502Z [err]      at internals.Base.extract (/app/node_modules/joi/lib/base.js:457:26)
2025-12-27T10:57:37.887288055Z [err]      at Module._compile (node:internal/modules/cjs/loader:1546:14)
2025-12-27T10:57:37.887294433Z [err]      at Object.<anonymous> (/app/src/routes/movieRoutes.js:58:39)
2025-12-27T10:57:37.887303277Z [err]      at Module._compile (node:internal/modules/cjs/loader:1546:14)
2025-12-27T10:57:37.887311037Z [err]      at Object..js (node:internal/modules/cjs/loader:1689:10)
2025-12-27T10:57:37.887319457Z [err]      at Module.load (node:internal/modules/cjs/loader:1318:32)
2025-12-27T10:57:37.887489142Z [inf]  ✅ [app.js] express loaded
2025-12-27T10:57:37.887495295Z [inf]  ✅ [app.js] cors loaded
2025-12-27T10:57:37.887501700Z [inf]  ✅ [app.js] helmet loaded
2025-12-27T10:57:37.887507859Z [inf]  ✅ [app.js] express-rate-limit loaded
2025-12-27T10:57:37.887514838Z [inf]  ✅ [app.js] express-session loaded
2025-12-27T10:57:37.887521659Z [inf]  ✅ [app.js] connect-session-sequelize loaded
2025-12-27T10:57:37.887530916Z [inf]  ✅ [app.js] dotenv configured
2025-12-27T10:57:37.887537054Z [inf]  🛠️ [app.js] About to load models...
2025-12-27T10:57:37.887543686Z [inf]  ✅ Sequelize initialized for production environment
2025-12-27T10:57:37.887550843Z [inf]  📍 Database: railway at mysql.railway.internal:3306
2025-12-27T10:57:37.887557771Z [inf]  ✅ [app.js] models loaded
2025-12-27T10:57:37.887559985Z [err]      at Object..js (node:internal/modules/cjs/loader:1689:10)
2025-12-27T10:57:37.887566381Z [inf]  🛠️ [app.js] About to load middleware...
2025-12-27T10:57:37.887566498Z [err]      at Module.load (node:internal/modules/cjs/loader:1318:32)
2025-12-27T10:57:37.887572420Z [err]      at Function._load (node:internal/modules/cjs/loader:1128:12)
2025-12-27T10:57:37.887574621Z [inf]  ✅ [app.js] logger loaded
2025-12-27T10:57:37.887578838Z [err]      at TracingChannel.traceSync (node:diagnostics_channel:315:14)
2025-12-27T10:57:37.887582555Z [inf]  ✅ [app.js] errorHandler loaded
2025-12-27T10:57:37.887590092Z [inf]  ✅ [app.js] requestValidator loaded
2025-12-27T10:57:37.887596892Z [inf]  🛠️ [app.js] About to load routes...
2025-12-27T10:57:37.887602851Z [inf]  🔧 [movieRoutes.js] File loading started...
2025-12-27T10:57:37.887608643Z [inf]  ✅ [movieRoutes.js] express loaded
2025-12-27T10:57:37.887616228Z [inf]  ✅ [movieRoutes.js] movieController loaded
2025-12-27T10:57:37.887621886Z [inf]  ✅ [movieRoutes.js] requestValidator loaded
2025-12-27T10:57:37.887627981Z [inf]  ✅ [movieRoutes.js] errorHandler loaded
2025-12-27T10:57:37.887634055Z [inf]  ✅ [movieRoutes.js] Router created
2025-12-27T10:57:37.887639920Z [inf]  🎉 [movieRoutes.js] ALL IMPORTS SUCCESSFUL!
2025-12-27T10:57:37.887646178Z [err]  ❌ [app.js] FAILED to load movieRoutes: Schema does not contain path page
2025-12-27T10:57:37.887652317Z [err]  Stack: Error: Schema does not contain path page
2025-12-27T10:57:39.075938743Z [inf]  🔧 [app.js] File loading started...
2025-12-27T10:57:39.075980360Z [inf]  ✅ [app.js] express loaded
2025-12-27T10:57:39.075986158Z [inf]  ✅ [app.js] cors loaded
2025-12-27T10:57:39.075990570Z [inf]  ✅ [app.js] helmet loaded
2025-12-27T10:57:39.075995253Z [inf]  ✅ [app.js] express-rate-limit loaded
2025-12-27T10:57:39.075999404Z [inf]  ✅ [app.js] express-session loaded
2025-12-27T10:57:39.076003874Z [inf]  ✅ [app.js] connect-session-sequelize loaded
2025-12-27T10:57:39.076008139Z [inf]  ✅ [app.js] dotenv configured
2025-12-27T10:57:39.076012681Z [inf]  🛠️ [app.js] About to load models...
2025-12-27T10:57:39.076017619Z [inf]  ✅ Sequelize initialized for production environment
2025-12-27T10:57:39.076021989Z [inf]  📍 Database: railway at mysql.railway.internal:3306
2025-12-27T10:57:39.079610551Z [inf]  🛠️ [app.js] About to load middleware...
2025-12-27T10:57:39.079682756Z [inf]  ✅ [app.js] models loaded
2025-12-27T10:57:39.119699481Z [inf]  ✅ [app.js] logger loaded
2025-12-27T10:57:39.119706756Z [inf]  ✅ [app.js] errorHandler loaded
2025-12-27T10:57:39.222881308Z [err]      at Module.load (node:internal/modules/cjs/loader:1318:32)
2025-12-27T10:57:39.222881376Z [inf]  ✅ [app.js] requestValidator loaded
2025-12-27T10:57:39.222896159Z [inf]  🛠️ [app.js] About to load routes...
2025-12-27T10:57:39.222901118Z [err]      at Function._load (node:internal/modules/cjs/loader:1128:12)
2025-12-27T10:57:39.222903512Z [inf]  ✅ [movieRoutes.js] Router created
2025-12-27T10:57:39.222912616Z [inf]  🔧 [movieRoutes.js] File loading started...
2025-12-27T10:57:39.222916478Z [err]      at TracingChannel.traceSync (node:diagnostics_channel:315:14)
2025-12-27T10:57:39.222923030Z [inf]  🎉 [movieRoutes.js] ALL IMPORTS SUCCESSFUL!
2025-12-27T10:57:39.222923342Z [inf]  ✅ [movieRoutes.js] express loaded
2025-12-27T10:57:39.222932532Z [inf]  ✅ [movieRoutes.js] movieController loaded
2025-12-27T10:57:39.222934998Z [err]  ❌ [app.js] FAILED to load movieRoutes: Schema does not contain path page
2025-12-27T10:57:39.222942990Z [inf]  ✅ [movieRoutes.js] requestValidator loaded
2025-12-27T10:57:39.222946037Z [err]  Stack: Error: Schema does not contain path page
2025-12-27T10:57:39.222954899Z [inf]  ✅ [movieRoutes.js] errorHandler loaded
2025-12-27T10:57:39.222956440Z [err]      at new module.exports (/app/node_modules/@hapi/hoek/lib/error.js:23:19)
2025-12-27T10:57:39.222967767Z [err]      at module.exports (/app/node_modules/@hapi/hoek/lib/assert.js:21:11)
2025-12-27T10:57:39.222975730Z [err]      at exports.Ids.internals.Ids.reach (/app/node_modules/joi/lib/modify.js:85:9)
2025-12-27T10:57:39.222982442Z [err]      at internals.Base.extract (/app/node_modules/joi/lib/base.js:457:26)
2025-12-27T10:57:39.222989686Z [err]      at Object.<anonymous> (/app/src/routes/movieRoutes.js:58:39)
2025-12-27T10:57:39.222997775Z [err]      at Module._compile (node:internal/modules/cjs/loader:1546:14)
2025-12-27T10:57:39.223005383Z [err]      at Object..js (node:internal/modules/cjs/loader:1689:10)
2025-12-27T10:57:39.225005722Z [err]  ❌ UNCAUGHT EXCEPTION:
2025-12-27T10:57:39.225006783Z [err]      at Module.load (node:internal/modules/cjs/loader:1318:32)
2025-12-27T10:57:39.225015538Z [err]  Name: Error
2025-12-27T10:57:39.225019756Z [err]      at Function._load (node:internal/modules/cjs/loader:1128:12)
2025-12-27T10:57:39.225023386Z [err]  Message: Schema does not contain path page
2025-12-27T10:57:39.225027487Z [err]      at TracingChannel.traceSync (node:diagnostics_channel:315:14)
2025-12-27T10:57:39.225033835Z [err]  Stack: Error: Schema does not contain path page
2025-12-27T10:57:39.225038706Z [err]      at new module.exports (/app/node_modules/@hapi/hoek/lib/error.js:23:19)
2025-12-27T10:57:39.225049013Z [err]      at module.exports (/app/node_modules/@hapi/hoek/lib/assert.js:21:11)
2025-12-27T10:57:39.225053363Z [err]      at exports.Ids.internals.Ids.reach (/app/node_modules/joi/lib/modify.js:85:9)
2025-12-27T10:57:39.225058830Z [err]      at internals.Base.extract (/app/node_modules/joi/lib/base.js:457:26)
2025-12-27T10:57:39.225063427Z [err]      at Object.<anonymous> (/app/src/routes/movieRoutes.js:58:39)
2025-12-27T10:57:39.225068061Z [err]      at Module._compile (node:internal/modules/cjs/loader:1546:14)
2025-12-27T10:57:39.225075917Z [err]      at Object..js (node:internal/modules/cjs/loader:1689:10)
2025-12-27T10:57:40.194578372Z [inf]  🔧 [app.js] File loading started...
2025-12-27T10:57:40.293661128Z [inf]  ✅ [app.js] express loaded
2025-12-27T10:57:40.293667521Z [inf]  ✅ [app.js] cors loaded
2025-12-27T10:57:40.293673001Z [inf]  ✅ [app.js] helmet loaded
2025-12-27T10:57:40.293679427Z [inf]  ✅ [app.js] express-rate-limit loaded
2025-12-27T10:57:40.296541255Z [inf]  ✅ [app.js] express-session loaded
2025-12-27T10:57:40.438202721Z [inf]  ✅ [app.js] connect-session-sequelize loaded
2025-12-27T10:57:40.439785409Z [inf]  ✅ [app.js] dotenv configured
2025-12-27T10:57:40.439789944Z [inf]  🛠️ [app.js] About to load models...
2025-12-27T10:57:40.836843642Z [err]      at module.exports (/app/node_modules/@hapi/hoek/lib/assert.js:21:11)
2025-12-27T10:57:40.836854584Z [err]      at exports.Ids.internals.Ids.reach (/app/node_modules/joi/lib/modify.js:85:9)
2025-12-27T10:57:40.836861787Z [err]      at internals.Base.extract (/app/node_modules/joi/lib/base.js:457:26)
2025-12-27T10:57:40.836868552Z [inf]  ✅ [app.js] requestValidator loaded
2025-12-27T10:57:40.836871170Z [err]      at Object.<anonymous> (/app/src/routes/movieRoutes.js:58:39)
2025-12-27T10:57:40.836879722Z [inf]  🛠️ [app.js] About to load routes...
2025-12-27T10:57:40.836888465Z [inf]  🎉 [movieRoutes.js] ALL IMPORTS SUCCESSFUL!
2025-12-27T10:57:40.836890718Z [inf]  🔧 [movieRoutes.js] File loading started...
2025-12-27T10:57:40.836900137Z [inf]  ✅ [movieRoutes.js] express loaded
2025-12-27T10:57:40.836901207Z [err]  ❌ [app.js] FAILED to load movieRoutes: Schema does not contain path page
2025-12-27T10:57:40.836908932Z [inf]  ✅ [movieRoutes.js] movieController loaded
2025-12-27T10:57:40.836911617Z [err]  Stack: Error: Schema does not contain path page
2025-12-27T10:57:40.836918149Z [inf]  ✅ [movieRoutes.js] requestValidator loaded
2025-12-27T10:57:40.836921022Z [err]      at new module.exports (/app/node_modules/@hapi/hoek/lib/error.js:23:19)
2025-12-27T10:57:40.836926473Z [inf]  ✅ Sequelize initialized for production environment
2025-12-27T10:57:40.836927508Z [inf]  ✅ [movieRoutes.js] errorHandler loaded
2025-12-27T10:57:40.836936495Z [inf]  📍 Database: railway at mysql.railway.internal:3306
2025-12-27T10:57:40.836936741Z [inf]  ✅ [movieRoutes.js] Router created
2025-12-27T10:57:40.836945063Z [inf]  ✅ [app.js] models loaded
2025-12-27T10:57:40.836952296Z [inf]  🛠️ [app.js] About to load middleware...
2025-12-27T10:57:40.836962893Z [inf]  ✅ [app.js] logger loaded
2025-12-27T10:57:40.836970660Z [inf]  ✅ [app.js] errorHandler loaded
2025-12-27T10:57:40.842055486Z [err]      at Module._compile (node:internal/modules/cjs/loader:1546:14)
2025-12-27T10:57:40.842063830Z [err]      at Object..js (node:internal/modules/cjs/loader:1689:10)
2025-12-27T10:57:40.842072281Z [err]      at Module.load (node:internal/modules/cjs/loader:1318:32)
2025-12-27T10:57:40.842080049Z [err]      at Function._load (node:internal/modules/cjs/loader:1128:12)
2025-12-27T10:57:40.842088039Z [err]      at TracingChannel.traceSync (node:diagnostics_channel:315:14)
2025-12-27T10:57:40.842096621Z [err]  ❌ UNCAUGHT EXCEPTION:
2025-12-27T10:57:40.842105961Z [err]  Name: Error
2025-12-27T10:57:40.842115204Z [err]  Message: Schema does not contain path page
2025-12-27T10:57:40.842126929Z [err]  Stack: Error: Schema does not contain path page
2025-12-27T10:57:40.842135785Z [err]      at new module.exports (/app/node_modules/@hapi/hoek/lib/error.js:23:19)
2025-12-27T10:57:40.842145530Z [err]      at module.exports (/app/node_modules/@hapi/hoek/lib/assert.js:21:11)
2025-12-27T10:57:40.842154669Z [err]      at exports.Ids.internals.Ids.reach (/app/node_modules/joi/lib/modify.js:85:9)
2025-12-27T10:57:40.842163557Z [err]      at internals.Base.extract (/app/node_modules/joi/lib/base.js:457:26)
2025-12-27T10:57:40.842173637Z [err]      at Object.<anonymous> (/app/src/routes/movieRoutes.js:58:39)
2025-12-27T10:57:40.842183063Z [err]      at Module._compile (node:internal/modules/cjs/loader:1546:14)
2025-12-27T10:57:40.842193464Z [err]      at Object..js (node:internal/modules/cjs/loader:1689:10)
2025-12-27T10:57:40.842202870Z [err]      at Module.load (node:internal/modules/cjs/loader:1318:32)
2025-12-27T10:57:40.842212139Z [err]      at Function._load (node:internal/modules/cjs/loader:1128:12)
2025-12-27T10:57:40.842221156Z [err]      at TracingChannel.traceSync (node:diagnostics_channel:315:14)
2025-12-27T10:57:41.994371374Z [inf]  ✅ Sequelize initialized for production environment
2025-12-27T10:57:41.994381092Z [inf]  📍 Database: railway at mysql.railway.internal:3306
2025-12-27T10:57:41.994414553Z [inf]  ✅ [app.js] express-rate-limit loaded
2025-12-27T10:57:41.994423724Z [inf]  ✅ [app.js] express-session loaded
2025-12-27T10:57:41.994430512Z [inf]  ✅ [app.js] connect-session-sequelize loaded
2025-12-27T10:57:41.994436780Z [inf]  ✅ [app.js] dotenv configured
2025-12-27T10:57:41.994444865Z [inf]  🛠️ [app.js] About to load models...
2025-12-27T10:57:41.994459121Z [inf]  🔧 [app.js] File loading started...
2025-12-27T10:57:41.994464296Z [inf]  ✅ [app.js] express loaded
2025-12-27T10:57:41.994473342Z [inf]  ✅ [app.js] cors loaded
2025-12-27T10:57:41.994479540Z [inf]  ✅ [app.js] helmet loaded
2025-12-27T10:57:42.036679807Z [inf]  ✅ [app.js] models loaded
2025-12-27T10:57:42.036685472Z [inf]  🛠️ [app.js] About to load middleware...
2025-12-27T10:57:42.040566668Z [inf]  ✅ [app.js] logger loaded
2025-12-27T10:57:42.043095735Z [inf]  ✅ [app.js] errorHandler loaded
2025-12-27T10:57:42.146045684Z [inf]  ✅ [app.js] requestValidator loaded
2025-12-27T10:57:42.146056872Z [inf]  🛠️ [app.js] About to load routes...
2025-12-27T10:57:42.146063795Z [inf]  🔧 [movieRoutes.js] File loading started...
2025-12-27T10:57:42.150232794Z [inf]  ✅ [movieRoutes.js] express loaded
2025-12-27T10:57:42.150242868Z [inf]  ✅ [movieRoutes.js] movieController loaded
2025-12-27T10:57:42.156112144Z [inf]  ✅ [movieRoutes.js] requestValidator loaded
2025-12-27T10:57:42.156127802Z [inf]  ✅ [movieRoutes.js] errorHandler loaded
2025-12-27T10:57:42.156135269Z [inf]  ✅ [movieRoutes.js] Router created
2025-12-27T10:57:42.156141540Z [inf]  🎉 [movieRoutes.js] ALL IMPORTS SUCCESSFUL!
2025-12-27T10:57:42.156147966Z [err]  ❌ [app.js] FAILED to load movieRoutes: Schema does not contain path page
2025-12-27T10:57:42.156218794Z [err]  Stack: Error: Schema does not contain path page
2025-12-27T10:57:42.156227606Z [err]      at new module.exports (/app/node_modules/@hapi/hoek/lib/error.js:23:19)
2025-12-27T10:57:42.156234039Z [err]      at module.exports (/app/node_modules/@hapi/hoek/lib/assert.js:21:11)
2025-12-27T10:57:42.156239769Z [err]      at exports.Ids.internals.Ids.reach (/app/node_modules/joi/lib/modify.js:85:9)
2025-12-27T10:57:42.156245781Z [err]      at internals.Base.extract (/app/node_modules/joi/lib/base.js:457:26)
2025-12-27T10:57:42.156251467Z [err]      at Object.<anonymous> (/app/src/routes/movieRoutes.js:58:39)
2025-12-27T10:57:42.156261445Z [err]      at Module._compile (node:internal/modules/cjs/loader:1546:14)
2025-12-27T10:57:42.156268212Z [err]      at Object..js (node:internal/modules/cjs/loader:1689:10)
2025-12-27T10:57:42.156274675Z [err]      at Module.load (node:internal/modules/cjs/loader:1318:32)
2025-12-27T10:57:42.156280416Z [err]      at Function._load (node:internal/modules/cjs/loader:1128:12)
2025-12-27T10:57:42.156286214Z [err]      at TracingChannel.traceSync (node:diagnostics_channel:315:14)
2025-12-27T10:57:42.156303950Z [err]  ❌ UNCAUGHT EXCEPTION:
2025-12-27T10:57:42.156311106Z [err]  Name: Error
2025-12-27T10:57:42.156316988Z [err]  Message: Schema does not contain path page
2025-12-27T10:57:42.156323173Z [err]  Stack: Error: Schema does not contain path page
2025-12-27T10:57:42.156329661Z [err]      at new module.exports (/app/node_modules/@hapi/hoek/lib/error.js:23:19)
2025-12-27T10:57:42.158539618Z [err]      at module.exports (/app/node_modules/@hapi/hoek/lib/assert.js:21:11)
2025-12-27T10:57:42.158549074Z [err]      at exports.Ids.internals.Ids.reach (/app/node_modules/joi/lib/modify.js:85:9)
2025-12-27T10:57:42.158559799Z [err]      at internals.Base.extract (/app/node_modules/joi/lib/base.js:457:26)
2025-12-27T10:57:42.158566195Z [err]      at Object.<anonymous> (/app/src/routes/movieRoutes.js:58:39)
2025-12-27T10:57:42.158572674Z [err]      at Module._compile (node:internal/modules/cjs/loader:1546:14)
2025-12-27T10:57:42.158579568Z [err]      at Object..js (node:internal/modules/cjs/loader:1689:10)
2025-12-27T10:57:42.158586487Z [err]      at Module.load (node:internal/modules/cjs/loader:1318:32)
2025-12-27T10:57:42.158592965Z [err]      at Function._load (node:internal/modules/cjs/loader:1128:12)
2025-12-27T10:57:42.158598510Z [err]      at TracingChannel.traceSync (node:diagnostics_channel:315:14)
2025-12-27T10:57:43.146457545Z [inf]  🔧 [app.js] File loading started...
2025-12-27T10:57:43.219650304Z [inf]  ✅ [app.js] express loaded
2025-12-27T10:57:43.219660614Z [inf]  ✅ [app.js] cors loaded
2025-12-27T10:57:43.224787366Z [inf]  ✅ [app.js] helmet loaded
2025-12-27T10:57:43.224795358Z [inf]  ✅ [app.js] express-rate-limit loaded
2025-12-27T10:57:43.233018646Z [inf]  ✅ [app.js] express-session loaded
2025-12-27T10:57:43.412175466Z [inf]  ✅ [app.js] connect-session-sequelize loaded
2025-12-27T10:57:43.412182959Z [inf]  ✅ [app.js] dotenv configured
2025-12-27T10:57:43.412189360Z [inf]  🛠️ [app.js] About to load models...
2025-12-27T10:57:44.090468292Z [err]      at exports.Ids.internals.Ids.reach (/app/node_modules/joi/lib/modify.js:85:9)
2025-12-27T10:57:44.090475002Z [err]      at internals.Base.extract (/app/node_modules/joi/lib/base.js:457:26)
2025-12-27T10:57:44.090481889Z [err]      at Object.<anonymous> (/app/src/routes/movieRoutes.js:58:39)
2025-12-27T10:57:44.090488552Z [err]      at Module._compile (node:internal/modules/cjs/loader:1546:14)
2025-12-27T10:57:44.090533030Z [err]      at Module._compile (node:internal/modules/cjs/loader:1546:14)
2025-12-27T10:57:44.090539713Z [err]      at Object..js (node:internal/modules/cjs/loader:1689:10)
2025-12-27T10:57:44.090546967Z [err]      at Module.load (node:internal/modules/cjs/loader:1318:32)
2025-12-27T10:57:44.090559704Z [err]      at Function._load (node:internal/modules/cjs/loader:1128:12)
2025-12-27T10:57:44.090567047Z [err]      at TracingChannel.traceSync (node:diagnostics_channel:315:14)
2025-12-27T10:57:44.090573752Z [err]  ❌ UNCAUGHT EXCEPTION:
2025-12-27T10:57:44.090581045Z [err]  Name: Error
2025-12-27T10:57:44.090581931Z [err]      at Object..js (node:internal/modules/cjs/loader:1689:10)
2025-12-27T10:57:44.090588220Z [err]      at TracingChannel.traceSync (node:diagnostics_channel:315:14)
2025-12-27T10:57:44.090593226Z [err]  Message: Schema does not contain path page
2025-12-27T10:57:44.090593917Z [err]      at Module.load (node:internal/modules/cjs/loader:1318:32)
2025-12-27T10:57:44.090602587Z [err]  Stack: Error: Schema does not contain path page
2025-12-27T10:57:44.090603690Z [err]      at Function._load (node:internal/modules/cjs/loader:1128:12)
2025-12-27T10:57:44.090608428Z [err]      at new module.exports (/app/node_modules/@hapi/hoek/lib/error.js:23:19)
2025-12-27T10:57:44.090614478Z [err]      at module.exports (/app/node_modules/@hapi/hoek/lib/assert.js:21:11)
2025-12-27T10:57:44.090886047Z [inf]  ✅ Sequelize initialized for production environment
2025-12-27T10:57:44.090891561Z [inf]  📍 Database: railway at mysql.railway.internal:3306
2025-12-27T10:57:44.090897206Z [inf]  ✅ [app.js] models loaded
2025-12-27T10:57:44.090902906Z [inf]  🛠️ [app.js] About to load middleware...
2025-12-27T10:57:44.090908550Z [inf]  ✅ [app.js] logger loaded
2025-12-27T10:57:44.090915595Z [inf]  ✅ [app.js] errorHandler loaded
2025-12-27T10:57:44.090921730Z [inf]  ✅ [app.js] requestValidator loaded
2025-12-27T10:57:44.090927655Z [inf]  🛠️ [app.js] About to load routes...
2025-12-27T10:57:44.090933427Z [inf]  🔧 [movieRoutes.js] File loading started...
2025-12-27T10:57:44.090940984Z [inf]  ✅ [movieRoutes.js] express loaded
2025-12-27T10:57:44.090947258Z [inf]  ✅ [movieRoutes.js] movieController loaded
2025-12-27T10:57:44.090954446Z [inf]  ✅ [movieRoutes.js] requestValidator loaded
2025-12-27T10:57:44.090962940Z [inf]  ✅ [movieRoutes.js] errorHandler loaded
2025-12-27T10:57:44.090970665Z [inf]  ✅ [movieRoutes.js] Router created
2025-12-27T10:57:44.090977964Z [inf]  🎉 [movieRoutes.js] ALL IMPORTS SUCCESSFUL!
2025-12-27T10:57:44.090984248Z [err]  ❌ [app.js] FAILED to load movieRoutes: Schema does not contain path page
2025-12-27T10:57:44.090991218Z [err]  Stack: Error: Schema does not contain path page
2025-12-27T10:57:44.090997388Z [err]      at new module.exports (/app/node_modules/@hapi/hoek/lib/error.js:23:19)
2025-12-27T10:57:44.091006740Z [err]      at module.exports (/app/node_modules/@hapi/hoek/lib/assert.js:21:11)
2025-12-27T10:57:44.091013487Z [err]      at exports.Ids.internals.Ids.reach (/app/node_modules/joi/lib/modify.js:85:9)
2025-12-27T10:57:44.091019423Z [err]      at internals.Base.extract (/app/node_modules/joi/lib/base.js:457:26)
2025-12-27T10:57:44.091025165Z [err]      at Object.<anonymous> (/app/src/routes/movieRoutes.js:58:39)
2025-12-27T10:57:44.962142206Z [inf]  🔧 [app.js] File loading started...
2025-12-27T10:57:44.962149275Z [inf]  ✅ [app.js] express loaded
2025-12-27T10:57:44.962155817Z [inf]  ✅ [app.js] cors loaded
2025-12-27T10:57:44.962163094Z [inf]  ✅ [app.js] helmet loaded
2025-12-27T10:57:44.962170744Z [inf]  ✅ [app.js] express-rate-limit loaded
2025-12-27T10:57:44.962177872Z [inf]  ✅ [app.js] express-session loaded
2025-12-27T10:57:44.962188814Z [inf]  ✅ [app.js] connect-session-sequelize loaded
2025-12-27T10:57:44.962200894Z [inf]  ✅ [app.js] dotenv configured
2025-12-27T10:57:44.962208693Z [inf]  🛠️ [app.js] About to load models...
2025-12-27T10:57:44.962216475Z [inf]  ✅ Sequelize initialized for production environment
2025-12-27T10:57:44.962223309Z [inf]  📍 Database: railway at mysql.railway.internal:3306
2025-12-27T10:57:44.985693391Z [inf]  ✅ [app.js] models loaded
2025-12-27T10:57:44.985700875Z [inf]  🛠️ [app.js] About to load middleware...
2025-12-27T10:57:45.024075693Z [inf]  ✅ [app.js] logger loaded
2025-12-27T10:57:45.024087440Z [inf]  ✅ [app.js] errorHandler loaded
2025-12-27T10:57:45.128267777Z [err]      at Function._load (node:internal/modules/cjs/loader:1128:12)
2025-12-27T10:57:45.128279620Z [err]      at TracingChannel.traceSync (node:diagnostics_channel:315:14)
2025-12-27T10:57:45.128317790Z [inf]  ✅ [app.js] requestValidator loaded
2025-12-27T10:57:45.128324236Z [inf]  🛠️ [app.js] About to load routes...
2025-12-27T10:57:45.128331112Z [inf]  🔧 [movieRoutes.js] File loading started...
2025-12-27T10:57:45.128336845Z [inf]  ✅ [movieRoutes.js] express loaded
2025-12-27T10:57:45.128344602Z [inf]  ✅ [movieRoutes.js] movieController loaded
2025-12-27T10:57:45.128351460Z [inf]  ✅ [movieRoutes.js] requestValidator loaded
2025-12-27T10:57:45.128359823Z [inf]  ✅ [movieRoutes.js] errorHandler loaded
2025-12-27T10:57:45.128369363Z [inf]  ✅ [movieRoutes.js] Router created
2025-12-27T10:57:45.128376388Z [inf]  🎉 [movieRoutes.js] ALL IMPORTS SUCCESSFUL!
2025-12-27T10:57:45.128384337Z [err]  ❌ [app.js] FAILED to load movieRoutes: Schema does not contain path page
2025-12-27T10:57:45.128391449Z [err]  Stack: Error: Schema does not contain path page
2025-12-27T10:57:45.128398740Z [err]      at new module.exports (/app/node_modules/@hapi/hoek/lib/error.js:23:19)
2025-12-27T10:57:45.128405656Z [err]      at module.exports (/app/node_modules/@hapi/hoek/lib/assert.js:21:11)
2025-12-27T10:57:45.128412495Z [err]      at exports.Ids.internals.Ids.reach (/app/node_modules/joi/lib/modify.js:85:9)
2025-12-27T10:57:45.128420325Z [err]      at internals.Base.extract (/app/node_modules/joi/lib/base.js:457:26)
2025-12-27T10:57:45.128427859Z [err]      at Object.<anonymous> (/app/src/routes/movieRoutes.js:58:39)
2025-12-27T10:57:45.128436390Z [err]      at Module._compile (node:internal/modules/cjs/loader:1546:14)
2025-12-27T10:57:45.128444153Z [err]      at Object..js (node:internal/modules/cjs/loader:1689:10)
2025-12-27T10:57:45.128451626Z [err]      at Module.load (node:internal/modules/cjs/loader:1318:32)
2025-12-27T10:57:45.130170534Z [err]  ❌ UNCAUGHT EXCEPTION:
2025-12-27T10:57:45.130178633Z [err]  Name: Error
2025-12-27T10:57:45.130185751Z [err]  Message: Schema does not contain path page
2025-12-27T10:57:45.130190900Z [err]  Stack: Error: Schema does not contain path page
2025-12-27T10:57:45.130196992Z [err]      at new module.exports (/app/node_modules/@hapi/hoek/lib/error.js:23:19)
2025-12-27T10:57:45.130202933Z [err]      at module.exports (/app/node_modules/@hapi/hoek/lib/assert.js:21:11)
2025-12-27T10:57:45.130212287Z [err]      at exports.Ids.internals.Ids.reach (/app/node_modules/joi/lib/modify.js:85:9)
2025-12-27T10:57:45.130217404Z [err]      at internals.Base.extract (/app/node_modules/joi/lib/base.js:457:26)
2025-12-27T10:57:45.130222779Z [err]      at Object.<anonymous> (/app/src/routes/movieRoutes.js:58:39)
2025-12-27T10:57:45.130228368Z [err]      at Module._compile (node:internal/modules/cjs/loader:1546:14)
2025-12-27T10:57:45.130233511Z [err]      at Object..js (node:internal/modules/cjs/loader:1689:10)
2025-12-27T10:57:45.130238982Z [err]      at Module.load (node:internal/modules/cjs/loader:1318:32)
2025-12-27T10:57:45.130261400Z [err]      at Function._load (node:internal/modules/cjs/loader:1128:12)
2025-12-27T10:57:45.130266450Z [err]      at TracingChannel.traceSync (node:diagnostics_channel:315:14)
2025-12-27T10:57:46.021884470Z [inf]  🔧 [app.js] File loading started...
2025-12-27T10:57:46.087637253Z [inf]  ✅ [app.js] express loaded
2025-12-27T10:57:46.092428947Z [inf]  ✅ [app.js] cors loaded
2025-12-27T10:57:46.092438031Z [inf]  ✅ [app.js] helmet loaded
2025-12-27T10:57:46.092446111Z [inf]  ✅ [app.js] express-rate-limit loaded
2025-12-27T10:57:46.101253685Z [inf]  ✅ [app.js] express-session loaded
2025-12-27T10:57:46.243926163Z [inf]  ✅ [app.js] connect-session-sequelize loaded
2025-12-27T10:57:46.254496010Z [inf]  ✅ [app.js] dotenv configured
2025-12-27T10:57:46.254505273Z [inf]  🛠️ [app.js] About to load models...
2025-12-27T10:57:46.344173208Z [inf]  ✅ Sequelize initialized for production environment
2025-12-27T10:57:46.344178850Z [inf]  📍 Database: railway at mysql.railway.internal:3306
2025-12-27T10:57:46.381995584Z [inf]  ✅ [app.js] models loaded
2025-12-27T10:57:46.382003488Z [inf]  🛠️ [app.js] About to load middleware...
2025-12-27T10:57:46.415591175Z [inf]  ✅ [app.js] logger loaded
2025-12-27T10:57:46.415606495Z [inf]  ✅ [app.js] errorHandler loaded
2025-12-27T10:57:46.911316604Z [err]      at Module.load (node:internal/modules/cjs/loader:1318:32)
2025-12-27T10:57:46.911328223Z [err]      at Function._load (node:internal/modules/cjs/loader:1128:12)
2025-12-27T10:57:46.911350899Z [err]      at TracingChannel.traceSync (node:diagnostics_channel:315:14)
2025-12-27T10:57:46.911425264Z [err]      at module.exports (/app/node_modules/@hapi/hoek/lib/assert.js:21:11)
2025-12-27T10:57:46.911433851Z [err]      at exports.Ids.internals.Ids.reach (/app/node_modules/joi/lib/modify.js:85:9)
2025-12-27T10:57:46.911441579Z [err]      at internals.Base.extract (/app/node_modules/joi/lib/base.js:457:26)
2025-12-27T10:57:46.911452695Z [inf]  🔧 [movieRoutes.js] File loading started...
2025-12-27T10:57:46.911461186Z [inf]  ✅ [movieRoutes.js] express loaded
2025-12-27T10:57:46.911468270Z [inf]  ✅ [movieRoutes.js] errorHandler loaded
2025-12-27T10:57:46.911471648Z [err]      at Object.<anonymous> (/app/src/routes/movieRoutes.js:58:39)
2025-12-27T10:57:46.911473298Z [inf]  ✅ [movieRoutes.js] movieController loaded
2025-12-27T10:57:46.911476008Z [inf]  ✅ [movieRoutes.js] Router created
2025-12-27T10:57:46.911476400Z [inf]  ✅ [app.js] requestValidator loaded
2025-12-27T10:57:46.911482493Z [err]      at Module._compile (node:internal/modules/cjs/loader:1546:14)
2025-12-27T10:57:46.911486126Z [inf]  ✅ [movieRoutes.js] requestValidator loaded
2025-12-27T10:57:46.911487070Z [inf]  🛠️ [app.js] About to load routes...
2025-12-27T10:57:46.911488518Z [inf]  🎉 [movieRoutes.js] ALL IMPORTS SUCCESSFUL!
2025-12-27T10:57:46.911491886Z [err]      at Object..js (node:internal/modules/cjs/loader:1689:10)
2025-12-27T10:57:46.911509006Z [err]  ❌ [app.js] FAILED to load movieRoutes: Schema does not contain path page
2025-12-27T10:57:46.911513346Z [err]  Stack: Error: Schema does not contain path page
2025-12-27T10:57:46.911518178Z [err]      at new module.exports (/app/node_modules/@hapi/hoek/lib/error.js:23:19)
2025-12-27T10:57:46.916382677Z [err]  ❌ UNCAUGHT EXCEPTION:
2025-12-27T10:57:46.916387159Z [err]  Name: Error
2025-12-27T10:57:46.916392230Z [err]  Message: Schema does not contain path page
2025-12-27T10:57:46.916397901Z [err]  Stack: Error: Schema does not contain path page
2025-12-27T10:57:46.916402538Z [err]      at new module.exports (/app/node_modules/@hapi/hoek/lib/error.js:23:19)
2025-12-27T10:57:46.916407695Z [err]      at module.exports (/app/node_modules/@hapi/hoek/lib/assert.js:21:11)
2025-12-27T10:57:46.916412407Z [err]      at exports.Ids.internals.Ids.reach (/app/node_modules/joi/lib/modify.js:85:9)
2025-12-27T10:57:46.916417741Z [err]      at internals.Base.extract (/app/node_modules/joi/lib/base.js:457:26)
2025-12-27T10:57:46.916423572Z [err]      at Object.<anonymous> (/app/src/routes/movieRoutes.js:58:39)
2025-12-27T10:57:46.916437106Z [err]      at Module._compile (node:internal/modules/cjs/loader:1546:14)
2025-12-27T10:57:46.916442621Z [err]      at Object..js (node:internal/modules/cjs/loader:1689:10)
2025-12-27T10:57:46.916451710Z [err]      at Module.load (node:internal/modules/cjs/loader:1318:32)
2025-12-27T10:57:46.916458477Z [err]      at Function._load (node:internal/modules/cjs/loader:1128:12)
2025-12-27T10:57:46.916464634Z [err]      at TracingChannel.traceSync (node:diagnostics_channel:315:14)